// Jest Snapshot v1, https://goo.gl/fbAQLP

exports[`<Space /> should render properly 1`] = `
.c0 {
  margin-bottom: 20px;
}

<div
  class="c0"
>
  Hello, Space!
</div>
`;
