// Jest Snapshot v1, https://goo.gl/fbAQLP

exports[`<Heading /> should render properly 1`] = `
.c0 {
  font-size: 30px;
  line-height: 1.2;
  margin: 0;
  margin-bottom: 10px;
}

<h1
  class="c0"
>
  My Heading
</h1>
`;
