// Jest Snapshot v1, https://goo.gl/fbAQLP

exports[`<Button /> should render properly 1`] = `
.c0 {
  border: 0;
  border-style: solid;
  cursor: pointer;
  padding-bottom: 0;
  padding-top: 0;
  -webkit-transition: 0.3s ease-in-out;
  transition: 0.3s ease-in-out;
  background-color: transparent;
  border-color: #272727;
  border-radius: 3px;
  border-width: 2px;
  color: #272727;
  display: inline-block;
  font-size: 10px;
  font-weight: 700;
  -webkit-letter-spacing: 1px;
  -moz-letter-spacing: 1px;
  -ms-letter-spacing: 1px;
  letter-spacing: 1px;
  line-height: 3;
  padding-left: 20px;
  padding-right: 20px;
  text-transform: uppercase;
}

.c0:active,
.c0:focus,
.c0:hover {
  background-color: transparent;
  border-color: #3576a7;
  color: #3576a7;
}

<button
  class="c0"
>
  My Button
</button>
`;
