// Jest Snapshot v1, https://goo.gl/fbAQLP

exports[`<A /> should render properly 1`] = `
<input
  class=""
  id="radio"
  name="radio"
  type="radio"
/>
`;
