// Jest Snapshot v1, https://goo.gl/fbAQLP

exports[`<Icon /> should render properly 1`] = `
.c0 {
  -webkit-align-self: center;
  -ms-flex-item-align: center;
  align-self: center;
  display: -webkit-inline-box;
  display: -webkit-inline-flex;
  display: -ms-inline-flexbox;
  display: inline-flex;
  vertical-align: middle;
  fill: currentColor;
}

<svg
  class="c0"
  height="20"
  viewBox="0 0 20 20"
  width="20"
>
  <path
    d="M10,0C4.5,0,0,4.5,0,10s4.5,10,10,10s10-4.5,10-10S15.5,0,10,0L10,0z M10,18 c-4.4,0-8-3.6-8-8s3.6-8,8-8s8,3.6,8,8S14.4,18,10,18L10,18z"
  />
</svg>
`;
