// Jest Snapshot v1, https://goo.gl/fbAQLP

exports[`<Flex /> should render properly 1`] = `
.c0 {
  display: -webkit-box;
  display: -webkit-flex;
  display: -ms-flexbox;
  display: flex;
}

<div
  class="c0"
>
  <div
    class=""
  >
    Hello
  </div>
  <div
    class=""
  >
    Flex
  </div>
</div>
`;
