// Jest Snapshot v1, https://goo.gl/fbAQLP

exports[`<Checkbox /> should render properly 1`] = `
<input
  class=""
  id="checkbox"
  name="checkbox"
  type="checkbox"
/>
`;
