// Jest Snapshot v1, https://goo.gl/fbAQLP

exports[`<Card /> should render properly 1`] = `
.c0 {
  background-color: #fff;
  border-radius: 3px;
  box-shadow: 0 3px 3px rgba(0,0,0,0.25);
  padding: 20px;
}

<div
  class="c0"
>
  My Card
</div>
`;
