// Jest Snapshot v1, https://goo.gl/fbAQLP

exports[`<Box /> should match snapshot 1`] = `
.c0 {
  background-color: #3576a7;
  padding: 20px;
}

<div
  class="c0"
/>
`;
