// Jest Snapshot v1, https://goo.gl/fbAQLP

exports[`<Divider /> should render properly 1`] = `
.c0 {
  background-color: #cbcbcb;
  height: 1px;
  width: 100%;
}

<div
  class="c0"
/>
`;
