// Jest Snapshot v1, https://goo.gl/fbAQLP

exports[`<Avatar /> should match snapshot 1`] = `
.c0 {
  height: 50px;
  width: 50px;
}

<div
  class="c0"
  height="50"
  width="50"
/>
`;
