// Jest Snapshot v1, https://goo.gl/fbAQLP

exports[`<A /> should render properly 1`] = `
.c0 {
  color: #3576a7;
  -webkit-text-decoration: none;
  text-decoration: none;
}

.c0:active,
.c0:focus,
.c0:hover {
  color: #272727;
}

<a
  class="c0"
  href="#0"
>
  My Link
</a>
`;
